[0.006s][info][gc] Using The Z Garbage Collector
[0.134s][info][gc] GC(0) Garbage Collection (Warmup) 6M(30%)->6M(30%)
[0.227s][info][gc] GC(1) Garbage Collection (Warmup) 6M(30%)->6M(30%)
[0.334s][info][gc] GC(2) Garbage Collection (Warmup) 6M(30%)->6M(30%)
[1.135s][info][gc] GC(3) Garbage Collection (Proactive) 8M(40%)->6M(30%)
[3.933s][info][gc] GC(4) Garbage Collection (Proactive) 8M(40%)->8M(40%)
[4.043s][info][gc] GC(5) Garbage Collection (Allocation Rate) 14M(70%)->10M(50%)
[4.138s][info][gc] GC(6) Garbage Collection (Allocation Rate) 18M(90%)->10M(50%)
[4.236s][info][gc] GC(7) Garbage Collection (Allocation Rate) 12M(60%)->10M(50%)
[4.348s][info][gc] GC(8) Garbage Collection (Allocation Rate) 14M(70%)->10M(50%)
[4.440s][info][gc] GC(9) Garbage Collection (Allocation Rate) 10M(50%)->10M(50%)
[4.566s][info][gc] GC(10) Garbage Collection (Allocation Rate) 10M(50%)->10M(50%)
[4.640s][info][gc] GC(11) Garbage Collection (Allocation Rate) 10M(50%)->8M(40%)
[4.750s][info][gc] GC(12) Garbage Collection (Allocation Rate) 10M(50%)->10M(50%)
[4.859s][info][gc] GC(13) Garbage Collection (Allocation Rate) 10M(50%)->10M(50%)
[4.934s][info][gc] GC(14) Garbage Collection (Allocation Rate) 10M(50%)->8M(40%)
[5.039s][info][gc] GC(15) Garbage Collection (Allocation Rate) 10M(50%)->8M(40%)
[5.135s][info][gc] GC(16) Garbage Collection (Allocation Rate) 10M(50%)->10M(50%)
[5.341s][info][gc] GC(17) Garbage Collection (Allocation Rate) 10M(50%)->10M(50%)
[5.452s][info][gc] GC(18) Garbage Collection (Allocation Rate) 10M(50%)->10M(50%)
[5.562s][info][gc] GC(19) Garbage Collection (Allocation Rate) 10M(50%)->10M(50%)
[5.637s][info][gc] GC(20) Garbage Collection (Allocation Rate) 10M(50%)->8M(40%)
[5.731s][info][gc] GC(21) Garbage Collection (Allocation Rate) 10M(50%)->8M(40%)
[5.838s][info][gc] GC(22) Garbage Collection (Allocation Rate) 10M(50%)->10M(50%)
[12.338s][info][gc] GC(23) Garbage Collection (Allocation Rate) 18M(90%)->18M(90%)
[12.338s][info][gc] Allocation Stall (main) 6.019ms
[12.338s][info][gc] Allocation Stall (RMI TCP Connection(2)-192.168.56.1) 5.896ms
[12.356s][info][gc] Allocation Stall (main) 13.098ms
[12.356s][info][gc] Allocation Stall (RMI TCP Connection(2)-192.168.56.1) 3.107ms
[12.357s][info][gc] Relocation Stall (RMI TCP Connection(2)-192.168.56.1) 0.078ms
[12.357s][info][gc] Allocation Stall (JFR Periodic Tasks) 0.928ms
[12.357s][info][gc] GC(24) Garbage Collection (Allocation Stall) 20M(100%)->18M(90%)
[12.375s][info][gc] Allocation Stall (main) 11.750ms
[12.375s][info][gc] Allocation Stall (JFR Periodic Tasks) 4.210ms
[12.375s][info][gc] Allocation Stall (RMI TCP Connection(2)-192.168.56.1) 11.835ms
[12.376s][info][gc] GC(25) Garbage Collection (Allocation Stall) 20M(100%)->14M(70%)
[12.395s][info][gc] Allocation Stall (main) 13.047ms
[12.395s][info][gc] GC(26) Garbage Collection (Allocation Stall) 20M(100%)->18M(90%)
[12.395s][info][gc] Allocation Stall (JFR Periodic Tasks) 8.737ms
[12.447s][info][gc] GC(27) Garbage Collection (Allocation Stall) 20M(100%)->8M(40%)
[12.554s][info][gc] GC(28) Garbage Collection (Allocation Rate) 10M(50%)->10M(50%)
[12.657s][info][gc] GC(29) Garbage Collection (Allocation Rate) 10M(50%)->10M(50%)
[12.741s][info][gc] GC(30) Garbage Collection (Allocation Rate) 10M(50%)->8M(40%)
[12.848s][info][gc] GC(31) Garbage Collection (Allocation Rate) 10M(50%)->8M(40%)
[12.952s][info][gc] GC(32) Garbage Collection (Allocation Rate) 10M(50%)->10M(50%)
[13.063s][info][gc] GC(33) Garbage Collection (Allocation Rate) 10M(50%)->10M(50%)
[13.138s][info][gc] GC(34) Garbage Collection (Allocation Rate) 10M(50%)->8M(40%)
[13.247s][info][gc] GC(35) Garbage Collection (Allocation Rate) 10M(50%)->10M(50%)
[13.343s][info][gc] GC(36) Garbage Collection (Allocation Rate) 10M(50%)->10M(50%)
[13.436s][info][gc] GC(37) Garbage Collection (Allocation Rate) 10M(50%)->10M(50%)
[13.544s][info][gc] GC(38) Garbage Collection (Allocation Rate) 10M(50%)->8M(40%)
[13.652s][info][gc] GC(39) Garbage Collection (Allocation Rate) 10M(50%)->10M(50%)
[13.749s][info][gc] GC(40) Garbage Collection (Allocation Rate) 10M(50%)->10M(50%)
[13.845s][info][gc] GC(41) Garbage Collection (Allocation Rate) 10M(50%)->10M(50%)
[13.950s][info][gc] GC(42) Garbage Collection (Allocation Rate) 10M(50%)->10M(50%)
[14.038s][info][gc] GC(43) Garbage Collection (Allocation Rate) 10M(50%)->8M(40%)
[14.158s][info][gc] GC(44) Garbage Collection (Allocation Rate) 10M(50%)->10M(50%)
[14.245s][info][gc] GC(45) Garbage Collection (Allocation Rate) 10M(50%)->10M(50%)
[20.943s][info][gc] GC(46) Garbage Collection (Proactive) 12M(60%)->12M(60%)
[22.435s][info][gc] GC(47) Garbage Collection (Proactive) 14M(70%)->12M(60%)
[23.545s][info][gc] GC(48) Garbage Collection (Proactive) 14M(70%)->10M(50%)
[24.434s][info][gc] GC(49) Garbage Collection (Proactive) 12M(60%)->10M(50%)
[25.435s][info][gc] GC(50) Garbage Collection (Proactive) 12M(60%)->10M(50%)
[26.136s][info][gc] GC(51) Garbage Collection (Proactive) 12M(60%)->8M(40%)
[27.464s][info][gc] GC(52) Garbage Collection (Proactive) 10M(50%)->8M(40%)
[30.246s][info][gc] GC(53) Garbage Collection (Proactive) 10M(50%)->8M(40%)
[32.550s][info][gc] GC(54) Garbage Collection (Proactive) 10M(50%)->8M(40%)
[34.334s][info][gc] GC(55) Garbage Collection (Proactive) 10M(50%)->8M(40%)
[35.736s][info][gc] GC(56) Garbage Collection (Proactive) 10M(50%)->8M(40%)
[36.938s][info][gc] GC(57) Garbage Collection (Proactive) 10M(50%)->8M(40%)
[37.943s][info][gc] GC(58) Garbage Collection (Proactive) 12M(60%)->10M(50%)
[38.940s][info][gc] GC(59) Garbage Collection (Proactive) 12M(60%)->10M(50%)
[39.844s][info][gc] GC(60) Garbage Collection (Proactive) 12M(60%)->10M(50%)
[40.745s][info][gc] GC(61) Garbage Collection (Proactive) 12M(60%)->10M(50%)
[41.631s][info][gc] GC(62) Garbage Collection (Proactive) 12M(60%)->10M(50%)
[42.440s][info][gc] GC(63) Garbage Collection (Proactive) 12M(60%)->10M(50%)
[43.440s][info][gc] GC(64) Garbage Collection (Proactive) 12M(60%)->10M(50%)
[44.440s][info][gc] GC(65) Garbage Collection (Proactive) 12M(60%)->10M(50%)
[45.439s][info][gc] GC(66) Garbage Collection (Proactive) 12M(60%)->10M(50%)
[46.439s][info][gc] GC(67) Garbage Collection (Proactive) 12M(60%)->10M(50%)
[47.438s][info][gc] GC(68) Garbage Collection (Proactive) 12M(60%)->10M(50%)
[48.439s][info][gc] GC(69) Garbage Collection (Proactive) 12M(60%)->10M(50%)
[49.341s][info][gc] GC(70) Garbage Collection (Proactive) 12M(60%)->10M(50%)
[50.137s][info][gc] GC(71) Garbage Collection (Proactive) 12M(60%)->10M(50%)
[51.039s][info][gc] GC(72) Garbage Collection (Proactive) 12M(60%)->10M(50%)
[51.832s][info][gc] GC(73) Garbage Collection (Proactive) 12M(60%)->10M(50%)
[52.641s][info][gc] GC(74) Garbage Collection (Proactive) 12M(60%)->10M(50%)
[53.433s][info][gc] GC(75) Garbage Collection (Proactive) 12M(60%)->10M(50%)
[54.430s][info][gc] GC(76) Garbage Collection (Proactive) 12M(60%)->10M(50%)
[55.446s][info][gc] GC(77) Garbage Collection (Proactive) 12M(60%)->10M(50%)
[56.433s][info][gc] GC(78) Garbage Collection (Proactive) 12M(60%)->10M(50%)
[57.447s][info][gc] GC(79) Garbage Collection (Proactive) 12M(60%)->10M(50%)
[58.444s][info][gc] GC(80) Garbage Collection (Proactive) 12M(60%)->10M(50%)
[59.439s][info][gc] GC(81) Garbage Collection (Proactive) 12M(60%)->10M(50%)
[60.443s][info][gc] GC(82) Garbage Collection (Proactive) 12M(60%)->10M(50%)
[61.445s][info][gc] GC(83) Garbage Collection (Proactive) 12M(60%)->10M(50%)
[62.446s][info][gc] GC(84) Garbage Collection (Proactive) 12M(60%)->10M(50%)
[63.447s][info][gc] GC(85) Garbage Collection (Proactive) 12M(60%)->10M(50%)
[64.336s][info][gc] GC(86) Garbage Collection (Proactive) 12M(60%)->10M(50%)
[65.140s][info][gc] GC(87) Garbage Collection (Proactive) 12M(60%)->10M(50%)
[65.933s][info][gc] GC(88) Garbage Collection (Proactive) 12M(60%)->10M(50%)
[66.645s][info][gc] GC(89) Garbage Collection (Proactive) 12M(60%)->10M(50%)
[67.441s][info][gc] GC(90) Garbage Collection (Proactive) 12M(60%)->10M(50%)
[68.435s][info][gc] GC(91) Garbage Collection (Proactive) 12M(60%)->10M(50%)
[69.436s][info][gc] GC(92) Garbage Collection (Proactive) 12M(60%)->10M(50%)
[70.434s][info][gc] GC(93) Garbage Collection (Proactive) 12M(60%)->10M(50%)
[71.434s][info][gc] GC(94) Garbage Collection (Proactive) 12M(60%)->10M(50%)
[72.435s][info][gc] GC(95) Garbage Collection (Proactive) 12M(60%)->10M(50%)
[73.432s][info][gc] GC(96) Garbage Collection (Proactive) 12M(60%)->10M(50%)
[74.431s][info][gc] GC(97) Garbage Collection (Proactive) 12M(60%)->10M(50%)
[75.446s][info][gc] GC(98) Garbage Collection (Proactive) 12M(60%)->10M(50%)
[76.445s][info][gc] GC(99) Garbage Collection (Proactive) 12M(60%)->10M(50%)
[77.442s][info][gc] GC(100) Garbage Collection (Proactive) 12M(60%)->10M(50%)
[78.442s][info][gc] GC(101) Garbage Collection (Proactive) 12M(60%)->10M(50%)
[79.439s][info][gc] GC(102) Garbage Collection (Proactive) 12M(60%)->10M(50%)
[80.440s][info][gc] GC(103) Garbage Collection (Proactive) 12M(60%)->10M(50%)
[81.441s][info][gc] GC(104) Garbage Collection (Proactive) 12M(60%)->10M(50%)
[82.439s][info][gc] GC(105) Garbage Collection (Proactive) 12M(60%)->10M(50%)
[83.441s][info][gc] GC(106) Garbage Collection (Proactive) 12M(60%)->10M(50%)
[84.437s][info][gc] GC(107) Garbage Collection (Proactive) 12M(60%)->10M(50%)
[85.434s][info][gc] GC(108) Garbage Collection (Proactive) 12M(60%)->10M(50%)
[86.432s][info][gc] GC(109) Garbage Collection (Proactive) 12M(60%)->10M(50%)
[87.145s][info][gc] GC(110) Garbage Collection (Proactive) 12M(60%)->10M(50%)
[87.844s][info][gc] GC(111) Garbage Collection (Proactive) 12M(60%)->10M(50%)
[88.631s][info][gc] GC(112) Garbage Collection (Proactive) 12M(60%)->10M(50%)
[89.432s][info][gc] GC(113) Garbage Collection (Proactive) 12M(60%)->10M(50%)
[90.441s][info][gc] GC(114) Garbage Collection (Proactive) 12M(60%)->10M(50%)
[91.437s][info][gc] GC(115) Garbage Collection (Proactive) 12M(60%)->10M(50%)
[92.431s][info][gc] GC(116) Garbage Collection (Proactive) 12M(60%)->10M(50%)
[93.432s][info][gc] GC(117) Garbage Collection (Proactive) 12M(60%)->10M(50%)
[94.431s][info][gc] GC(118) Garbage Collection (Proactive) 12M(60%)->10M(50%)
[95.431s][info][gc] GC(119) Garbage Collection (Proactive) 12M(60%)->10M(50%)
[96.445s][info][gc] GC(120) Garbage Collection (Proactive) 12M(60%)->10M(50%)
[97.432s][info][gc] GC(121) Garbage Collection (Proactive) 12M(60%)->10M(50%)
[98.446s][info][gc] GC(122) Garbage Collection (Proactive) 12M(60%)->10M(50%)
[99.445s][info][gc] GC(123) Garbage Collection (Proactive) 12M(60%)->10M(50%)
[100.439s][info][gc] GC(124) Garbage Collection (Proactive) 12M(60%)->10M(50%)
[101.435s][info][gc] GC(125) Garbage Collection (Proactive) 12M(60%)->10M(50%)
[102.439s][info][gc] GC(126) Garbage Collection (Proactive) 12M(60%)->10M(50%)
[103.440s][info][gc] GC(127) Garbage Collection (Proactive) 12M(60%)->10M(50%)
[104.443s][info][gc] GC(128) Garbage Collection (Proactive) 12M(60%)->10M(50%)
[105.445s][info][gc] GC(129) Garbage Collection (Proactive) 12M(60%)->10M(50%)
[106.445s][info][gc] GC(130) Garbage Collection (Proactive) 12M(60%)->10M(50%)
[107.431s][info][gc] GC(131) Garbage Collection (Proactive) 12M(60%)->10M(50%)
[108.444s][info][gc] GC(132) Garbage Collection (Proactive) 12M(60%)->10M(50%)
[109.345s][info][gc] GC(133) Garbage Collection (Proactive) 12M(60%)->10M(50%)
[110.139s][info][gc] GC(134) Garbage Collection (Proactive) 12M(60%)->10M(50%)
[111.043s][info][gc] GC(135) Garbage Collection (Proactive) 12M(60%)->10M(50%)
[111.837s][info][gc] GC(136) Garbage Collection (Proactive) 12M(60%)->10M(50%)
[112.632s][info][gc] GC(137) Garbage Collection (Proactive) 12M(60%)->10M(50%)
[113.432s][info][gc] GC(138) Garbage Collection (Proactive) 12M(60%)->10M(50%)
[114.440s][info][gc] GC(139) Garbage Collection (Proactive) 12M(60%)->10M(50%)
[115.438s][info][gc] GC(140) Garbage Collection (Proactive) 12M(60%)->10M(50%)
[116.439s][info][gc] GC(141) Garbage Collection (Proactive) 12M(60%)->10M(50%)
[117.437s][info][gc] GC(142) Garbage Collection (Proactive) 12M(60%)->10M(50%)
[118.435s][info][gc] GC(143) Garbage Collection (Proactive) 12M(60%)->10M(50%)
[119.430s][info][gc] GC(144) Garbage Collection (Proactive) 12M(60%)->10M(50%)
[120.445s][info][gc] GC(145) Garbage Collection (Proactive) 12M(60%)->10M(50%)
[121.441s][info][gc] GC(146) Garbage Collection (Proactive) 12M(60%)->10M(50%)
[122.439s][info][gc] GC(147) Garbage Collection (Proactive) 12M(60%)->10M(50%)
[123.439s][info][gc] GC(148) Garbage Collection (Proactive) 12M(60%)->10M(50%)
[124.341s][info][gc] GC(149) Garbage Collection (Proactive) 12M(60%)->10M(50%)
[125.037s][info][gc] GC(150) Garbage Collection (Proactive) 12M(60%)->10M(50%)
[125.737s][info][gc] GC(151) Garbage Collection (Proactive) 12M(60%)->10M(50%)
[126.640s][info][gc] GC(152) Garbage Collection (Proactive) 12M(60%)->10M(50%)
[127.556s][info][gc] GC(153) Garbage Collection (Proactive) 12M(60%)->8M(40%)
[130.237s][info][gc] GC(154) Garbage Collection (Proactive) 10M(50%)->8M(40%)
[132.238s][info][gc] GC(155) Garbage Collection (Proactive) 10M(50%)->8M(40%)
[133.739s][info][gc] GC(156) Garbage Collection (Proactive) 10M(50%)->8M(40%)
[135.144s][info][gc] GC(157) Garbage Collection (Proactive) 10M(50%)->8M(40%)
